---
source: tests/regression_test.rs
expression: snapshot_string
---
New(Line={line_index=2, entries=
[
    Entry{',', start=(2, 26), end=(2, 26)}
]}
)
New(Line={line_index=20, entries=
[
    Entry{'is_naked_fn', start=(20, 4), end=(20, 4)}
]}
)
Old(Line={line_index=17, entries=
[
    Entry{'is_naked', start=(17, 7), end=(17, 7)}
]}
)
New(Line={line_index=42, entries=
[
    Entry{',', start=(42, 19), end=(42, 19)}
]}
)
New(Line={line_index=59, entries=
[
    Entry{'bleat', start=(59, 4), end=(59, 4)}
]}
)
Old(Line={line_index=53, entries=
[
    Entry{'talk', start=(53, 7), end=(53, 7)}
]}
)
New(Line={line_index=61, entries=
[
    Entry{'{} beats briefly... {}', start=(61, 12), end=(61, 12)}
]}
)
Old(Line={line_index=55, entries=
[
    Entry{'{} pauses briefly... {}', start=(55, 18), end=(55, 18)}
]}
)
New(Line={line_index=67, entries=
[
    Entry{'ed', start=(67, 9), end=(67, 9)}
    Entry{'Logan', start=(67, 34), end=(67, 34)}
]}
)
Old(Line={line_index=61, entries=
[
    Entry{'dolly', start=(61, 12), end=(61, 12)}
    Entry{'Dolly', start=(61, 40), end=(61, 40)}
]}
)
New(Line={line_index=70, entries=
[
    Entry{'ed', start=(70, 1), end=(70, 1)}
    Entry{'bleat', start=(70, 4), end=(70, 4)}
]}

Line={line_index=71, entries=
[
    Entry{'ed', start=(71, 1), end=(71, 1)}
]}

Line={line_index=72, entries=
[
    Entry{'ed', start=(72, 1), end=(72, 1)}
    Entry{'bleat', start=(72, 4), end=(72, 4)}
]}
)
Old(Line={line_index=64, entries=
[
    Entry{'dolly', start=(64, 4), end=(64, 4)}
    Entry{'talk', start=(64, 10), end=(64, 10)}
]}

Line={line_index=65, entries=
[
    Entry{'dolly', start=(65, 4), end=(65, 4)}
]}

Line={line_index=66, entries=
[
    Entry{'dolly', start=(66, 4), end=(66, 4)}
    Entry{'talk', start=(66, 10), end=(66, 10)}
]}
)
