---
source: tests/regression_test.rs
expression: snapshot_string
---
New(Line={line_index=5, entries=
[
    Entry{'d', start=(5, 1), end=(5, 2)}
    Entry{'o', start=(5, 2), end=(5, 3)}
    Entry{'(', start=(5, 3), end=(5, 4)}
    Entry{')', start=(5, 4), end=(5, 5)}
]}

Line={line_index=6, entries=
[
    Entry{'}', start=(6, 0), end=(6, 1)}
]}
)
New(Line={line_index=8, entries=
[
    Entry{'f', start=(8, 0), end=(8, 1)}
    Entry{'u', start=(8, 1), end=(8, 2)}
    Entry{'n', start=(8, 2), end=(8, 3)}
    Entry{'c', start=(8, 3), end=(8, 4)}
    Entry{'d', start=(8, 5), end=(8, 6)}
    Entry{'o', start=(8, 6), end=(8, 7)}
    Entry{'(', start=(8, 7), end=(8, 8)}
    Entry{')', start=(8, 8), end=(8, 9)}
    Entry{'{', start=(8, 10), end=(8, 11)}
]}
)
