---
source: tests/regression_test.rs
expression: snapshot_string
---
New(Line={line_index=12, entries=
[
    Entry{'i', start=(12, 12), end=(12, 12)}
    Entry{'i', start=(12, 24), end=(12, 24)}
    Entry{'i', start=(12, 36), end=(12, 36)}
]}
)
Old(Line={line_index=17, entries=
[
    Entry{'j', start=(17, 12), end=(17, 12)}
    Entry{'j', start=(17, 24), end=(17, 24)}
    Entry{'j', start=(17, 36), end=(17, 36)}
]}
)
Old(Line={line_index=43, entries=
[
    Entry{'std', start=(43, 4), end=(43, 4)}
    Entry{'::', start=(43, 7), end=(43, 7)}
]}

Line={line_index=44, entries=
[
    Entry{'std', start=(44, 4), end=(44, 4)}
    Entry{'::', start=(44, 7), end=(44, 7)}
]}

Line={line_index=45, entries=
[
    Entry{'std', start=(45, 4), end=(45, 4)}
    Entry{'::', start=(45, 7), end=(45, 7)}
]}

Line={line_index=46, entries=
[
    Entry{'std', start=(46, 4), end=(46, 4)}
    Entry{'::', start=(46, 7), end=(46, 7)}
]}
)
