---
source: src/main.rs
assertion_line: 351
expression: diff_hunks

---
(
    Hunks(
        [
            Hunk(
                [
                    Line {
                        line_index: 53,
                        entries: [
                            Entry {
                                reference: {Node identifier (53, 7) - (53, 11)},
                                text: "t",
                                start_position: Point {
                                    row: 53,
                                    column: 7,
                                },
                                end_position: Point {
                                    row: 53,
                                    column: 8,
                                },
                            },
                            Entry {
                                reference: {Node identifier (53, 7) - (53, 11)},
                                text: "l",
                                start_position: Point {
                                    row: 53,
                                    column: 9,
                                },
                                end_position: Point {
                                    row: 53,
                                    column: 10,
                                },
                            },
                            Entry {
                                reference: {Node identifier (53, 7) - (53, 11)},
                                text: "k",
                                start_position: Point {
                                    row: 53,
                                    column: 10,
                                },
                                end_position: Point {
                                    row: 53,
                                    column: 11,
                                },
                            },
                        ],
                    },
                ],
            ),
            Hunk(
                [
                    Line {
                        line_index: 61,
                        entries: [
                            Entry {
                                reference: {Node identifier (61, 12) - (61, 17)},
                                text: "d",
                                start_position: Point {
                                    row: 61,
                                    column: 12,
                                },
                                end_position: Point {
                                    row: 61,
                                    column: 13,
                                },
                            },
                            Entry {
                                reference: {Node identifier (61, 12) - (61, 17)},
                                text: "o",
                                start_position: Point {
                                    row: 61,
                                    column: 13,
                                },
                                end_position: Point {
                                    row: 61,
                                    column: 14,
                                },
                            },
                            Entry {
                                reference: {Node identifier (61, 12) - (61, 17)},
                                text: "l",
                                start_position: Point {
                                    row: 61,
                                    column: 14,
                                },
                                end_position: Point {
                                    row: 61,
                                    column: 15,
                                },
                            },
                            Entry {
                                reference: {Node identifier (61, 12) - (61, 17)},
                                text: "l",
                                start_position: Point {
                                    row: 61,
                                    column: 15,
                                },
                                end_position: Point {
                                    row: 61,
                                    column: 16,
                                },
                            },
                            Entry {
                                reference: {Node identifier (61, 12) - (61, 17)},
                                text: "y",
                                start_position: Point {
                                    row: 61,
                                    column: 16,
                                },
                                end_position: Point {
                                    row: 61,
                                    column: 17,
                                },
                            },
                        ],
                    },
                ],
            ),
            Hunk(
                [
                    Line {
                        line_index: 64,
                        entries: [
                            Entry {
                                reference: {Node identifier (64, 4) - (64, 9)},
                                text: "o",
                                start_position: Point {
                                    row: 64,
                                    column: 5,
                                },
                                end_position: Point {
                                    row: 64,
                                    column: 6,
                                },
                            },
                            Entry {
                                reference: {Node identifier (64, 4) - (64, 9)},
                                text: "l",
                                start_position: Point {
                                    row: 64,
                                    column: 6,
                                },
                                end_position: Point {
                                    row: 64,
                                    column: 7,
                                },
                            },
                            Entry {
                                reference: {Node identifier (64, 4) - (64, 9)},
                                text: "l",
                                start_position: Point {
                                    row: 64,
                                    column: 7,
                                },
                                end_position: Point {
                                    row: 64,
                                    column: 8,
                                },
                            },
                            Entry {
                                reference: {Node identifier (64, 4) - (64, 9)},
                                text: "y",
                                start_position: Point {
                                    row: 64,
                                    column: 8,
                                },
                                end_position: Point {
                                    row: 64,
                                    column: 9,
                                },
                            },
                            Entry {
                                reference: {Node . (64, 9) - (64, 10)},
                                text: ".",
                                start_position: Point {
                                    row: 64,
                                    column: 9,
                                },
                                end_position: Point {
                                    row: 64,
                                    column: 10,
                                },
                            },
                            Entry {
                                reference: {Node field_identifier (64, 10) - (64, 14)},
                                text: "a",
                                start_position: Point {
                                    row: 64,
                                    column: 11,
                                },
                                end_position: Point {
                                    row: 64,
                                    column: 12,
                                },
                            },
                            Entry {
                                reference: {Node field_identifier (64, 10) - (64, 14)},
                                text: "l",
                                start_position: Point {
                                    row: 64,
                                    column: 12,
                                },
                                end_position: Point {
                                    row: 64,
                                    column: 13,
                                },
                            },
                            Entry {
                                reference: {Node field_identifier (64, 10) - (64, 14)},
                                text: "k",
                                start_position: Point {
                                    row: 64,
                                    column: 13,
                                },
                                end_position: Point {
                                    row: 64,
                                    column: 14,
                                },
                            },
                        ],
                    },
                    Line {
                        line_index: 65,
                        entries: [
                            Entry {
                                reference: {Node identifier (65, 4) - (65, 9)},
                                text: "o",
                                start_position: Point {
                                    row: 65,
                                    column: 5,
                                },
                                end_position: Point {
                                    row: 65,
                                    column: 6,
                                },
                            },
                            Entry {
                                reference: {Node identifier (65, 4) - (65, 9)},
                                text: "l",
                                start_position: Point {
                                    row: 65,
                                    column: 6,
                                },
                                end_position: Point {
                                    row: 65,
                                    column: 7,
                                },
                            },
                            Entry {
                                reference: {Node identifier (65, 4) - (65, 9)},
                                text: "l",
                                start_position: Point {
                                    row: 65,
                                    column: 7,
                                },
                                end_position: Point {
                                    row: 65,
                                    column: 8,
                                },
                            },
                            Entry {
                                reference: {Node identifier (65, 4) - (65, 9)},
                                text: "y",
                                start_position: Point {
                                    row: 65,
                                    column: 8,
                                },
                                end_position: Point {
                                    row: 65,
                                    column: 9,
                                },
                            },
                        ],
                    },
                    Line {
                        line_index: 66,
                        entries: [
                            Entry {
                                reference: {Node identifier (66, 4) - (66, 9)},
                                text: "d",
                                start_position: Point {
                                    row: 66,
                                    column: 4,
                                },
                                end_position: Point {
                                    row: 66,
                                    column: 5,
                                },
                            },
                            Entry {
                                reference: {Node identifier (66, 4) - (66, 9)},
                                text: "o",
                                start_position: Point {
                                    row: 66,
                                    column: 5,
                                },
                                end_position: Point {
                                    row: 66,
                                    column: 6,
                                },
                            },
                            Entry {
                                reference: {Node identifier (66, 4) - (66, 9)},
                                text: "l",
                                start_position: Point {
                                    row: 66,
                                    column: 6,
                                },
                                end_position: Point {
                                    row: 66,
                                    column: 7,
                                },
                            },
                            Entry {
                                reference: {Node identifier (66, 4) - (66, 9)},
                                text: "l",
                                start_position: Point {
                                    row: 66,
                                    column: 7,
                                },
                                end_position: Point {
                                    row: 66,
                                    column: 8,
                                },
                            },
                            Entry {
                                reference: {Node identifier (66, 4) - (66, 9)},
                                text: "y",
                                start_position: Point {
                                    row: 66,
                                    column: 8,
                                },
                                end_position: Point {
                                    row: 66,
                                    column: 9,
                                },
                            },
                            Entry {
                                reference: {Node field_identifier (66, 10) - (66, 14)},
                                text: "a",
                                start_position: Point {
                                    row: 66,
                                    column: 11,
                                },
                                end_position: Point {
                                    row: 66,
                                    column: 12,
                                },
                            },
                            Entry {
                                reference: {Node field_identifier (66, 10) - (66, 14)},
                                text: "l",
                                start_position: Point {
                                    row: 66,
                                    column: 12,
                                },
                                end_position: Point {
                                    row: 66,
                                    column: 13,
                                },
                            },
                            Entry {
                                reference: {Node field_identifier (66, 10) - (66, 14)},
                                text: "k",
                                start_position: Point {
                                    row: 66,
                                    column: 13,
                                },
                                end_position: Point {
                                    row: 66,
                                    column: 14,
                                },
                            },
                        ],
                    },
                ],
            ),
        ],
    ),
    Hunks(
        [
            Hunk(
                [
                    Line {
                        line_index: 2,
                        entries: [
                            Entry {
                                reference: {Node , (2, 26) - (2, 27)},
                                text: ",",
                                start_position: Point {
                                    row: 2,
                                    column: 26,
                                },
                                end_position: Point {
                                    row: 2,
                                    column: 27,
                                },
                            },
                        ],
                    },
                ],
            ),
            Hunk(
                [
                    Line {
                        line_index: 20,
                        entries: [
                            Entry {
                                reference: {Node identifier (20, 4) - (20, 15)},
                                text: "_",
                                start_position: Point {
                                    row: 20,
                                    column: 12,
                                },
                                end_position: Point {
                                    row: 20,
                                    column: 13,
                                },
                            },
                            Entry {
                                reference: {Node identifier (20, 4) - (20, 15)},
                                text: "f",
                                start_position: Point {
                                    row: 20,
                                    column: 13,
                                },
                                end_position: Point {
                                    row: 20,
                                    column: 14,
                                },
                            },
                            Entry {
                                reference: {Node identifier (20, 4) - (20, 15)},
                                text: "n",
                                start_position: Point {
                                    row: 20,
                                    column: 14,
                                },
                                end_position: Point {
                                    row: 20,
                                    column: 15,
                                },
                            },
                        ],
                    },
                ],
            ),
            Hunk(
                [
                    Line {
                        line_index: 42,
                        entries: [
                            Entry {
                                reference: {Node , (42, 19) - (42, 20)},
                                text: ",",
                                start_position: Point {
                                    row: 42,
                                    column: 19,
                                },
                                end_position: Point {
                                    row: 42,
                                    column: 20,
                                },
                            },
                        ],
                    },
                ],
            ),
            Hunk(
                [
                    Line {
                        line_index: 59,
                        entries: [
                            Entry {
                                reference: {Node identifier (59, 4) - (59, 9)},
                                text: "b",
                                start_position: Point {
                                    row: 59,
                                    column: 4,
                                },
                                end_position: Point {
                                    row: 59,
                                    column: 5,
                                },
                            },
                            Entry {
                                reference: {Node identifier (59, 4) - (59, 9)},
                                text: "l",
                                start_position: Point {
                                    row: 59,
                                    column: 5,
                                },
                                end_position: Point {
                                    row: 59,
                                    column: 6,
                                },
                            },
                            Entry {
                                reference: {Node identifier (59, 4) - (59, 9)},
                                text: "e",
                                start_position: Point {
                                    row: 59,
                                    column: 6,
                                },
                                end_position: Point {
                                    row: 59,
                                    column: 7,
                                },
                            },
                            Entry {
                                reference: {Node identifier (59, 4) - (59, 9)},
                                text: "t",
                                start_position: Point {
                                    row: 59,
                                    column: 8,
                                },
                                end_position: Point {
                                    row: 59,
                                    column: 9,
                                },
                            },
                        ],
                    },
                ],
            ),
            Hunk(
                [
                    Line {
                        line_index: 67,
                        entries: [
                            Entry {
                                reference: {Node identifier (67, 9) - (67, 11)},
                                text: "e",
                                start_position: Point {
                                    row: 67,
                                    column: 9,
                                },
                                end_position: Point {
                                    row: 67,
                                    column: 10,
                                },
                            },
                            Entry {
                                reference: {Node identifier (67, 9) - (67, 11)},
                                text: "d",
                                start_position: Point {
                                    row: 67,
                                    column: 10,
                                },
                                end_position: Point {
                                    row: 67,
                                    column: 11,
                                },
                            },
                        ],
                    },
                ],
            ),
            Hunk(
                [
                    Line {
                        line_index: 70,
                        entries: [
                            Entry {
                                reference: {Node identifier (70, 1) - (70, 3)},
                                text: "e",
                                start_position: Point {
                                    row: 70,
                                    column: 1,
                                },
                                end_position: Point {
                                    row: 70,
                                    column: 2,
                                },
                            },
                            Entry {
                                reference: {Node . (70, 3) - (70, 4)},
                                text: ".",
                                start_position: Point {
                                    row: 70,
                                    column: 3,
                                },
                                end_position: Point {
                                    row: 70,
                                    column: 4,
                                },
                            },
                            Entry {
                                reference: {Node field_identifier (70, 4) - (70, 9)},
                                text: "b",
                                start_position: Point {
                                    row: 70,
                                    column: 4,
                                },
                                end_position: Point {
                                    row: 70,
                                    column: 5,
                                },
                            },
                            Entry {
                                reference: {Node field_identifier (70, 4) - (70, 9)},
                                text: "l",
                                start_position: Point {
                                    row: 70,
                                    column: 5,
                                },
                                end_position: Point {
                                    row: 70,
                                    column: 6,
                                },
                            },
                            Entry {
                                reference: {Node field_identifier (70, 4) - (70, 9)},
                                text: "e",
                                start_position: Point {
                                    row: 70,
                                    column: 6,
                                },
                                end_position: Point {
                                    row: 70,
                                    column: 7,
                                },
                            },
                            Entry {
                                reference: {Node field_identifier (70, 4) - (70, 9)},
                                text: "a",
                                start_position: Point {
                                    row: 70,
                                    column: 7,
                                },
                                end_position: Point {
                                    row: 70,
                                    column: 8,
                                },
                            },
                        ],
                    },
                    Line {
                        line_index: 71,
                        entries: [
                            Entry {
                                reference: {Node identifier (71, 1) - (71, 3)},
                                text: "e",
                                start_position: Point {
                                    row: 71,
                                    column: 1,
                                },
                                end_position: Point {
                                    row: 71,
                                    column: 2,
                                },
                            },
                        ],
                    },
                    Line {
                        line_index: 72,
                        entries: [
                            Entry {
                                reference: {Node identifier (72, 1) - (72, 3)},
                                text: "e",
                                start_position: Point {
                                    row: 72,
                                    column: 1,
                                },
                                end_position: Point {
                                    row: 72,
                                    column: 2,
                                },
                            },
                            Entry {
                                reference: {Node identifier (72, 1) - (72, 3)},
                                text: "d",
                                start_position: Point {
                                    row: 72,
                                    column: 2,
                                },
                                end_position: Point {
                                    row: 72,
                                    column: 3,
                                },
                            },
                            Entry {
                                reference: {Node field_identifier (72, 4) - (72, 9)},
                                text: "b",
                                start_position: Point {
                                    row: 72,
                                    column: 4,
                                },
                                end_position: Point {
                                    row: 72,
                                    column: 5,
                                },
                            },
                            Entry {
                                reference: {Node field_identifier (72, 4) - (72, 9)},
                                text: "l",
                                start_position: Point {
                                    row: 72,
                                    column: 5,
                                },
                                end_position: Point {
                                    row: 72,
                                    column: 6,
                                },
                            },
                            Entry {
                                reference: {Node field_identifier (72, 4) - (72, 9)},
                                text: "e",
                                start_position: Point {
                                    row: 72,
                                    column: 6,
                                },
                                end_position: Point {
                                    row: 72,
                                    column: 7,
                                },
                            },
                            Entry {
                                reference: {Node field_identifier (72, 4) - (72, 9)},
                                text: "a",
                                start_position: Point {
                                    row: 72,
                                    column: 7,
                                },
                                end_position: Point {
                                    row: 72,
                                    column: 8,
                                },
                            },
                        ],
                    },
                ],
            ),
        ],
    ),
)
